
> dev
> vite --host 127.0.0.1 --port 5173

[33mThe CJS build of Vite's Node API is deprecated. See https://vite.dev/guide/troubleshooting.html#vite-cjs-node-api-deprecated for more details.[39m

  [32m[1mVITE[22m v5.4.11[39m  [2mready in [0m[1m582[22m[2m[0m ms[22m

  [32m➜[39m  [1mLocal[22m:   [36mhttp://127.0.0.1:[1m5173[22m/[39m
[2m[32m  ➜[39m[22m[2m  press [22m[1mh + enter[22m[2m to show help[22m
[2m09:32:38[22m [36m[1m[vite][22m[39m [32mhmr update [39m[2m/src/main.jsx[22m
[2m09:32:39[22m [36m[1m[vite][22m[39m [33mhmr invalidate [39m[2m/src/main.jsx[22m Could not Fast Refresh ("true" export is incompatible). Learn more at https://github.com/vitejs/vite-plugin-react/tree/main/packages/plugin-react#consistent-components-exports
[2m09:32:39[22m [36m[1m[vite][22m[39m [32mpage reload [39m[2msrc/main.jsx[22m
[2m09:34:47[22m [36m[1m[vite][22m[39m [32mhmr update [39m[2m/src/main.jsx[22m
[2m09:34:48[22m [36m[1m[vite][22m[39m [33mhmr invalidate [39m[2m/src/main.jsx[22m Could not Fast Refresh ("true" export is incompatible). Learn more at https://github.com/vitejs/vite-plugin-react/tree/main/packages/plugin-react#consistent-components-exports
[2m09:34:48[22m [36m[1m[vite][22m[39m [32mpage reload [39m[2msrc/main.jsx[22m
[2m09:48:42[22m [36m[1m[vite][22m[39m [32mhmr update [39m[2m/src/main.jsx[22m
[2m09:48:42[22m [36m[1m[vite][22m[39m [33mhmr invalidate [39m[2m/src/main.jsx[22m Could not Fast Refresh ("true" export is incompatible). Learn more at https://github.com/vitejs/vite-plugin-react/tree/main/packages/plugin-react#consistent-components-exports
[2m09:48:42[22m [36m[1m[vite][22m[39m [32mpage reload [39m[2msrc/main.jsx[22m
[2m09:49:01[22m [36m[1m[vite][22m[39m [32mhmr update [39m[2m/src/main.jsx[22m
[2m09:49:01[22m [36m[1m[vite][22m[39m [33mhmr invalidate [39m[2m/src/main.jsx[22m Could not Fast Refresh ("true" export is incompatible). Learn more at https://github.com/vitejs/vite-plugin-react/tree/main/packages/plugin-react#consistent-components-exports
[2m09:49:01[22m [36m[1m[vite][22m[39m [32mpage reload [39m[2msrc/main.jsx[22m
[2m09:49:23[22m [36m[1m[vite][22m[39m [32mhmr update [39m[2m/src/main.jsx[22m
[2m09:49:24[22m [36m[1m[vite][22m[39m [33mhmr invalidate [39m[2m/src/main.jsx[22m Could not Fast Refresh ("true" export is incompatible). Learn more at https://github.com/vitejs/vite-plugin-react/tree/main/packages/plugin-react#consistent-components-exports
[2m09:49:24[22m [36m[1m[vite][22m[39m [32mpage reload [39m[2msrc/main.jsx[22m
[2m09:50:21[22m [36m[1m[vite][22m[39m [32mhmr update [39m[2m/src/styles.css[22m
[2m09:51:05[22m [36m[1m[vite][22m[39m [32mhmr update [39m[2m/src/styles.css[22m
[2m10:04:09[22m [36m[1m[vite][22m[39m [32mhmr update [39m[2m/src/main.jsx[22m
[2m10:04:09[22m [36m[1m[vite][22m[39m [33mhmr invalidate [39m[2m/src/main.jsx[22m Could not Fast Refresh ("true" export is incompatible). Learn more at https://github.com/vitejs/vite-plugin-react/tree/main/packages/plugin-react#consistent-components-exports
[2m10:04:09[22m [36m[1m[vite][22m[39m [32mpage reload [39m[2msrc/main.jsx[22m
[2m10:04:28[22m [36m[1m[vite][22m[39m [32mhmr update [39m[2m/src/main.jsx[22m
[2m10:04:29[22m [36m[1m[vite][22m[39m [33mhmr invalidate [39m[2m/src/main.jsx[22m Could not Fast Refresh ("true" export is incompatible). Learn more at https://github.com/vitejs/vite-plugin-react/tree/main/packages/plugin-react#consistent-components-exports
[2m10:04:29[22m [36m[1m[vite][22m[39m [32mpage reload [39m[2msrc/main.jsx[22m
[2m10:05:12[22m [36m[1m[vite][22m[39m [32mhmr update [39m[2m/src/main.jsx[22m
[2m10:05:13[22m [36m[1m[vite][22m[39m [33mhmr invalidate [39m[2m/src/main.jsx[22m Could not Fast Refresh ("true" export is incompatible). Learn more at https://github.com/vitejs/vite-plugin-react/tree/main/packages/plugin-react#consistent-components-exports
[2m10:05:13[22m [36m[1m[vite][22m[39m [32mpage reload [39m[2msrc/main.jsx[22m
[2m10:07:30[22m [36m[1m[vite][22m[39m [32mhmr update [39m[2m/src/main.jsx[22m
[2m10:07:30[22m [36m[1m[vite][22m[39m [33mhmr invalidate [39m[2m/src/main.jsx[22m Could not Fast Refresh ("true" export is incompatible). Learn more at https://github.com/vitejs/vite-plugin-react/tree/main/packages/plugin-react#consistent-components-exports
[2m10:07:30[22m [36m[1m[vite][22m[39m [32mpage reload [39m[2msrc/main.jsx[22m
[2m10:10:33[22m [36m[1m[vite][22m[39m [32mhmr update [39m[2m/src/main.jsx[22m
[2m10:10:34[22m [36m[1m[vite][22m[39m [33mhmr invalidate [39m[2m/src/main.jsx[22m Could not Fast Refresh ("true" export is incompatible). Learn more at https://github.com/vitejs/vite-plugin-react/tree/main/packages/plugin-react#consistent-components-exports
[2m10:10:34[22m [36m[1m[vite][22m[39m [32mpage reload [39m[2msrc/main.jsx[22m
[2m10:12:00[22m [36m[1m[vite][22m[39m [32mhmr update [39m[2m/src/main.jsx[22m
[2m10:12:01[22m [36m[1m[vite][22m[39m [33mhmr invalidate [39m[2m/src/main.jsx[22m Could not Fast Refresh ("true" export is incompatible). Learn more at https://github.com/vitejs/vite-plugin-react/tree/main/packages/plugin-react#consistent-components-exports
[2m10:12:01[22m [36m[1m[vite][22m[39m [32mpage reload [39m[2msrc/main.jsx[22m
[2m10:12:22[22m [36m[1m[vite][22m[39m [32mhmr update [39m[2m/src/main.jsx[22m
[2m10:12:23[22m [36m[1m[vite][22m[39m [33mhmr invalidate [39m[2m/src/main.jsx[22m Could not Fast Refresh ("true" export is incompatible). Learn more at https://github.com/vitejs/vite-plugin-react/tree/main/packages/plugin-react#consistent-components-exports
[2m10:12:23[22m [36m[1m[vite][22m[39m [32mpage reload [39m[2msrc/main.jsx[22m
[2m10:13:31[22m [36m[1m[vite][22m[39m [32mhmr update [39m[2m/src/styles.css[22m
[2m10:13:45[22m [36m[1m[vite][22m[39m [32mhmr update [39m[2m/src/styles.css[22m
[2m10:17:03[22m [36m[1m[vite][22m[39m [32mhmr update [39m[2m/src/main.jsx[22m
[2m10:17:03[22m [36m[1m[vite][22m[39m [33mhmr invalidate [39m[2m/src/main.jsx[22m Could not Fast Refresh ("true" export is incompatible). Learn more at https://github.com/vitejs/vite-plugin-react/tree/main/packages/plugin-react#consistent-components-exports
[2m10:17:03[22m [36m[1m[vite][22m[39m [32mpage reload [39m[2msrc/main.jsx[22m
